stock_web_scrapper  | Traceback (most recent call last):
stock_web_scrapper  |   File "<frozen runpy>", line 198, in _run_module_as_main
stock_web_scrapper  |   File "<frozen runpy>", line 88, in _run_code
stock_web_scrapper  |   File "/usr/src/app/src/main.py", line 7, in <module>
stock_web_scrapper  |     logging.basicConfig(level=logging.INFO, format='%(asctime)s %(levelname)s:%(message)s')
stock_web_scrapper  |     ^^^^^^^
stock_web_scrapper  | NameError: name 'logging' is not defined
stock_web_scrapper exited with code 1 (restarting)
stock_web_scrapper  | Traceback (most recent call last):
stock_web_scrapper  |   File "<frozen runpy>", line 198, in _run_module_as_main
stock_web_scrapper  |   File "<frozen runpy>", line 88, in _run_code
stock_web_scrapper  |   File "/usr/src/app/src/main.py", line 7, in <module>
stock_web_scrapper  |     logging.basicConfig(level=logging.INFO, format='%(asctime)s %(levelname)s:%(message)s')
stock_web_scrapper  |     ^^^^^^^
stock_web_scrapper  | NameError: name 'logging' is not defined
stock_web_scrapper exited with code 1 (restarting)
stock_web_scrapper  | Traceback (most recent call last):
stock_web_scrapper  |   File "<frozen runpy>", line 198, in _run_module_as_main
stock_web_scrapper  |   File "<frozen runpy>", line 88, in _run_code
stock_web_scrapper  |   File "/usr/src/app/src/main.py", line 7, in <module>
stock_web_scrapper  |     logging.basicConfig(level=logging.INFO, format='%(asctime)s %(levelname)s:%(message)s')
stock_web_scrapper  |     ^^^^^^^
stock_web_scrapper  | NameError: name 'logging' is not defined
stock_web_scrapper exited with code 1 (restarting)
stock_web_scrapper  | Traceback (most recent call last):
stock_web_scrapper  |   File "<frozen runpy>", line 198, in _run_module_as_main
stock_web_scrapper  |   File "<frozen runpy>", line 88, in _run_code
stock_web_scrapper  |   File "/usr/src/app/src/main.py", line 7, in <module>
stock_web_scrapper  |     logging.basicConfig(level=logging.INFO, format='%(asctime)s %(levelname)s:%(message)s')
stock_web_scrapper  |     ^^^^^^^
stock_web_scrapper  | NameError: name 'logging' is not defined
stock_web_scrapper exited with code 1 (restarting)
stock_web_scrapper  | Traceback (most recent call last):
stock_web_scrapper  |   File "<frozen runpy>", line 198, in _run_module_as_main
stock_web_scrapper  |   File "<frozen runpy>", line 88, in _run_code
stock_web_scrapper  |   File "/usr/src/app/src/main.py", line 7, in <module>
stock_web_scrapper  |     logging.basicConfig(level=logging.INFO, format='%(asctime)s %(levelname)s:%(message)s')
stock_web_scrapper  |     ^^^^^^^
stock_web_scrapper  | NameError: name 'logging' is not defined
stock_web_scrapper exited with code 1 (restarting)
stock_web_scrapper  | Traceback (most recent call last):
stock_web_scrapper  |   File "<frozen runpy>", line 198, in _run_module_as_main
stock_web_scrapper  |   File "<frozen runpy>", line 88, in _run_code
stock_web_scrapper  |   File "/usr/src/app/src/main.py", line 7, in <module>
stock_web_scrapper  |     logging.basicConfig(level=logging.INFO, format='%(asctime)s %(levelname)s:%(message)s')
stock_web_scrapper  |     ^^^^^^^
stock_web_scrapper  | NameError: name 'logging' is not defined 
stock_web_scrapper exited with code 1 (restarting)
